// Jest Snapshot v1, https://goo.gl/fbAQLP

exports[`VisibleTodoList renders without crashing 1`] = `
<TodoList
  store={
    Object {
      "clearActions": [Function],
      "dispatch": [Function],
      "getActions": [Function],
      "getState": [Function],
      "replaceReducer": [Function],
      "subscribe": [Function],
    }
  }
  storeSubscription={
    Subscription {
      "listeners": Object {
        "clear": [Function],
        "get": [Function],
        "notify": [Function],
        "subscribe": [Function],
      },
      "onStateChange": [Function],
      "parentSub": undefined,
      "store": Object {
        "clearActions": [Function],
        "dispatch": [Function],
        "getActions": [Function],
        "getState": [Function],
        "replaceReducer": [Function],
        "subscribe": [Function],
      },
      "unsubscribe": [Function],
    }
  }
  todos={
    Array [
      Object {
        "completed": true,
        "id": 0,
        "text": "test1",
      },
      Object {
        "completed": false,
        "id": 1,
        "text": "test2",
      },
    ]
  }
  toggleTodo={[Function]}
/>
`;
